// Jest Snapshot v1, https://goo.gl/fbAQLP

exports[`renders app component 1`] = `
<div
  className="App"
/>
`;
